Archive member included because of file (symbol)

e:/embeded system/iti course/01- embedded systems avr tools/01-imt sdk/imt_sdk_win_64/winavr/bin/../lib/gcc/avr/4.3.3/avr5\libgcc.a(_exit.o)
                              e:/embeded system/iti course/01- embedded systems avr tools/01-imt sdk/imt_sdk_win_64/winavr/bin/../lib/gcc/avr/4.3.3/../../../../avr/lib/avr5/crtm32.o (exit)
e:/embeded system/iti course/01- embedded systems avr tools/01-imt sdk/imt_sdk_win_64/winavr/bin/../lib/gcc/avr/4.3.3/avr5\libgcc.a(_copy_data.o)
                              ./tasks.o (__do_copy_data)
e:/embeded system/iti course/01- embedded systems avr tools/01-imt sdk/imt_sdk_win_64/winavr/bin/../lib/gcc/avr/4.3.3/avr5\libgcc.a(_clear_bss.o)
                              ./heap_1.o (__do_clear_bss)
e:/embeded system/iti course/01- embedded systems avr tools/01-imt sdk/imt_sdk_win_64/winavr/bin/../lib/gcc/avr/4.3.3/../../../../avr/lib/avr5\libc.a(memcpy.o)
                              ./queue.o (memcpy)
e:/embeded system/iti course/01- embedded systems avr tools/01-imt sdk/imt_sdk_win_64/winavr/bin/../lib/gcc/avr/4.3.3/../../../../avr/lib/avr5\libc.a(memset.o)
                              ./stream_buffer.o (memset)

Allocating common symbols
Common symbol       size              file

task_sem            0x2               ./mian.o

Memory Configuration

Name             Origin             Length             Attributes
text             0x00000000         0x00020000         xr
data             0x00800060         0x0000ffa0         rw !x
eeprom           0x00810000         0x00010000         rw !x
fuse             0x00820000         0x00000400         rw !x
lock             0x00830000         0x00000400         rw !x
signature        0x00840000         0x00000400         rw !x
*default*        0x00000000         0xffffffff

Linker script and memory map

LOAD e:/embeded system/iti course/01- embedded systems avr tools/01-imt sdk/imt_sdk_win_64/winavr/bin/../lib/gcc/avr/4.3.3/../../../../avr/lib/avr5/crtm32.o
LOAD ./MDIO_programe.o
LOAD ./croutine.o
LOAD ./event_groups.o
LOAD ./heap_1.o
LOAD ./list.o
LOAD ./mian.o
LOAD ./port.o
LOAD ./queue.o
LOAD ./stream_buffer.o
LOAD ./tasks.o
LOAD ./timers.o
LOAD e:/embeded system/iti course/01- embedded systems avr tools/01-imt sdk/imt_sdk_win_64/winavr/bin/../lib/gcc/avr/4.3.3/avr5\libgcc.a
LOAD e:/embeded system/iti course/01- embedded systems avr tools/01-imt sdk/imt_sdk_win_64/winavr/bin/../lib/gcc/avr/4.3.3/../../../../avr/lib/avr5\libc.a
LOAD e:/embeded system/iti course/01- embedded systems avr tools/01-imt sdk/imt_sdk_win_64/winavr/bin/../lib/gcc/avr/4.3.3/avr5\libgcc.a

.hash
 *(.hash)

.dynsym
 *(.dynsym)

.dynstr
 *(.dynstr)

.gnu.version
 *(.gnu.version)

.gnu.version_d
 *(.gnu.version_d)

.gnu.version_r
 *(.gnu.version_r)

.rel.init
 *(.rel.init)

.rela.init
 *(.rela.init)

.rel.text
 *(.rel.text)
 *(.rel.text.*)
 *(.rel.gnu.linkonce.t*)

.rela.text
 *(.rela.text)
 *(.rela.text.*)
 *(.rela.gnu.linkonce.t*)

.rel.fini
 *(.rel.fini)

.rela.fini
 *(.rela.fini)

.rel.rodata
 *(.rel.rodata)
 *(.rel.rodata.*)
 *(.rel.gnu.linkonce.r*)

.rela.rodata
 *(.rela.rodata)
 *(.rela.rodata.*)
 *(.rela.gnu.linkonce.r*)

.rel.data
 *(.rel.data)
 *(.rel.data.*)
 *(.rel.gnu.linkonce.d*)

.rela.data
 *(.rela.data)
 *(.rela.data.*)
 *(.rela.gnu.linkonce.d*)

.rel.ctors
 *(.rel.ctors)

.rela.ctors
 *(.rela.ctors)

.rel.dtors
 *(.rel.dtors)

.rela.dtors
 *(.rela.dtors)

.rel.got
 *(.rel.got)

.rela.got
 *(.rela.got)

.rel.bss
 *(.rel.bss)

.rela.bss
 *(.rela.bss)

.rel.plt
 *(.rel.plt)

.rela.plt
 *(.rela.plt)

.text           0x00000000     0x5482
 *(.vectors)
 .vectors       0x00000000       0x54 e:/embeded system/iti course/01- embedded systems avr tools/01-imt sdk/imt_sdk_win_64/winavr/bin/../lib/gcc/avr/4.3.3/../../../../avr/lib/avr5/crtm32.o
                0x00000000                __vectors
                0x00000000                __vector_default
 *(.vectors)
 *(.progmem.gcc*)
 *(.progmem*)
                0x00000054                . = ALIGN (0x2)
                0x00000054                __trampolines_start = .
 *(.trampolines)
 .trampolines   0x00000054        0x0 linker stubs
 *(.trampolines*)
                0x00000054                __trampolines_end = .
 *(.jumptables)
 *(.jumptables*)
 *(.lowtext)
 *(.lowtext*)
                0x00000054                __ctors_start = .
 *(.ctors)
                0x00000054                __ctors_end = .
                0x00000054                __dtors_start = .
 *(.dtors)
                0x00000054                __dtors_end = .
 SORT(*)(.ctors)
 SORT(*)(.dtors)
 *(.init0)
 .init0         0x00000054        0x0 e:/embeded system/iti course/01- embedded systems avr tools/01-imt sdk/imt_sdk_win_64/winavr/bin/../lib/gcc/avr/4.3.3/../../../../avr/lib/avr5/crtm32.o
                0x00000054                __init
 *(.init0)
 *(.init1)
 *(.init1)
 *(.init2)
 .init2         0x00000054        0xc e:/embeded system/iti course/01- embedded systems avr tools/01-imt sdk/imt_sdk_win_64/winavr/bin/../lib/gcc/avr/4.3.3/../../../../avr/lib/avr5/crtm32.o
 *(.init2)
 *(.init3)
 *(.init3)
 *(.init4)
 .init4         0x00000060       0x16 e:/embeded system/iti course/01- embedded systems avr tools/01-imt sdk/imt_sdk_win_64/winavr/bin/../lib/gcc/avr/4.3.3/avr5\libgcc.a(_copy_data.o)
                0x00000060                __do_copy_data
 .init4         0x00000076       0x10 e:/embeded system/iti course/01- embedded systems avr tools/01-imt sdk/imt_sdk_win_64/winavr/bin/../lib/gcc/avr/4.3.3/avr5\libgcc.a(_clear_bss.o)
                0x00000076                __do_clear_bss
 *(.init4)
 *(.init5)
 *(.init5)
 *(.init6)
 *(.init6)
 *(.init7)
 *(.init7)
 *(.init8)
 *(.init8)
 *(.init9)
 .init9         0x00000086        0x8 e:/embeded system/iti course/01- embedded systems avr tools/01-imt sdk/imt_sdk_win_64/winavr/bin/../lib/gcc/avr/4.3.3/../../../../avr/lib/avr5/crtm32.o
 *(.init9)
 *(.text)
 .text          0x0000008e        0x4 e:/embeded system/iti course/01- embedded systems avr tools/01-imt sdk/imt_sdk_win_64/winavr/bin/../lib/gcc/avr/4.3.3/../../../../avr/lib/avr5/crtm32.o
                0x0000008e                __vector_1
                0x0000008e                __vector_12
                0x0000008e                __bad_interrupt
                0x0000008e                __vector_6
                0x0000008e                __vector_3
                0x0000008e                __vector_11
                0x0000008e                __vector_13
                0x0000008e                __vector_17
                0x0000008e                __vector_19
                0x0000008e                __vector_5
                0x0000008e                __vector_4
                0x0000008e                __vector_9
                0x0000008e                __vector_2
                0x0000008e                __vector_15
                0x0000008e                __vector_8
                0x0000008e                __vector_14
                0x0000008e                __vector_10
                0x0000008e                __vector_16
                0x0000008e                __vector_18
                0x0000008e                __vector_20
 .text          0x00000092        0x0 ./MDIO_programe.o
 .text          0x00000092        0x0 ./croutine.o
 .text          0x00000092        0x0 ./event_groups.o
 .text          0x00000092        0x0 ./heap_1.o
 .text          0x00000092        0x0 ./list.o
 .text          0x00000092        0x0 ./mian.o
 .text          0x00000092        0x0 ./port.o
 .text          0x00000092        0x0 ./queue.o
 .text          0x00000092        0x0 ./stream_buffer.o
 .text          0x00000092        0x0 ./tasks.o
 .text          0x00000092        0x0 ./timers.o
 .text          0x00000092        0x0 e:/embeded system/iti course/01- embedded systems avr tools/01-imt sdk/imt_sdk_win_64/winavr/bin/../lib/gcc/avr/4.3.3/avr5\libgcc.a(_exit.o)
 .text          0x00000092        0x0 e:/embeded system/iti course/01- embedded systems avr tools/01-imt sdk/imt_sdk_win_64/winavr/bin/../lib/gcc/avr/4.3.3/avr5\libgcc.a(_copy_data.o)
 .text          0x00000092        0x0 e:/embeded system/iti course/01- embedded systems avr tools/01-imt sdk/imt_sdk_win_64/winavr/bin/../lib/gcc/avr/4.3.3/avr5\libgcc.a(_clear_bss.o)
 .text          0x00000092        0x0 e:/embeded system/iti course/01- embedded systems avr tools/01-imt sdk/imt_sdk_win_64/winavr/bin/../lib/gcc/avr/4.3.3/../../../../avr/lib/avr5\libc.a(memcpy.o)
 .text          0x00000092        0x0 e:/embeded system/iti course/01- embedded systems avr tools/01-imt sdk/imt_sdk_win_64/winavr/bin/../lib/gcc/avr/4.3.3/../../../../avr/lib/avr5\libc.a(memset.o)
                0x00000092                . = ALIGN (0x2)
 *(.text.*)
 .text.mdio_setPinstatus
                0x00000092      0x24e ./MDIO_programe.o
                0x00000092                mdio_setPinstatus
 .text.mdio_setPinValue
                0x000002e0      0x182 ./MDIO_programe.o
                0x000002e0                mdio_setPinValue
 .text.mdio_togglePinValue
                0x00000462       0xa4 ./MDIO_programe.o
                0x00000462                mdio_togglePinValue
 .text.mdio_getPinValue
                0x00000506       0xc4 ./MDIO_programe.o
                0x00000506                mdio_getPinValue
 .text.xEventGroupCreate
                0x000005ca       0x3e ./event_groups.o
                0x000005ca                xEventGroupCreate
 .text.xEventGroupSync
                0x00000608      0x172 ./event_groups.o
                0x00000608                xEventGroupSync
 .text.xEventGroupWaitBits
                0x0000077a      0x18c ./event_groups.o
                0x0000077a                xEventGroupWaitBits
 .text.xEventGroupClearBits
                0x00000906       0x6c ./event_groups.o
                0x00000906                xEventGroupClearBits
 .text.xEventGroupGetBitsFromISR
                0x00000972       0x44 ./event_groups.o
                0x00000972                xEventGroupGetBitsFromISR
 .text.xEventGroupSetBits
                0x000009b6      0x164 ./event_groups.o
                0x000009b6                xEventGroupSetBits
 .text.vEventGroupDelete
                0x00000b1a       0x62 ./event_groups.o
                0x00000b1a                vEventGroupDelete
 .text.vEventGroupSetBitsCallback
                0x00000b7c       0x3a ./event_groups.o
                0x00000b7c                vEventGroupSetBitsCallback
 .text.vEventGroupClearBitsCallback
                0x00000bb6       0x3a ./event_groups.o
                0x00000bb6                vEventGroupClearBitsCallback
 .text.prvTestWaitCondition
                0x00000bf0       0x64 ./event_groups.o
 .text.pvPortMalloc
                0x00000c54       0xac ./heap_1.o
                0x00000c54                pvPortMalloc
 .text.vPortFree
                0x00000d00       0x18 ./heap_1.o
                0x00000d00                vPortFree
 .text.vPortInitialiseBlocks
                0x00000d18       0x16 ./heap_1.o
                0x00000d18                vPortInitialiseBlocks
 .text.xPortGetFreeHeapSize
                0x00000d2e       0x1e ./heap_1.o
                0x00000d2e                xPortGetFreeHeapSize
 .text.vListInitialise
                0x00000d4c       0x54 ./list.o
                0x00000d4c                vListInitialise
 .text.vListInitialiseItem
                0x00000da0       0x20 ./list.o
                0x00000da0                vListInitialiseItem
 .text.vListInsertEnd
                0x00000dc0       0x88 ./list.o
                0x00000dc0                vListInsertEnd
 .text.vListInsert
                0x00000e48       0xd8 ./list.o
                0x00000e48                vListInsert
 .text.uxListRemove
                0x00000f20       0x98 ./list.o
                0x00000f20                uxListRemove
 .text.task_1   0x00000fb8       0x64 ./mian.o
                0x00000fb8                task_1
 .text.task_2   0x0000101c       0x64 ./mian.o
                0x0000101c                task_2
 .text.main     0x00001080       0x7a ./mian.o
                0x00001080                main
 .text.pxPortInitialiseStack
                0x000010fa      0x306 ./port.o
                0x000010fa                pxPortInitialiseStack
 .text.xPortStartScheduler
                0x00001400       0x6a ./port.o
                0x00001400                xPortStartScheduler
 .text.vPortEndScheduler
                0x0000146a        0xe ./port.o
                0x0000146a                vPortEndScheduler
 .text.vPortYield
                0x00001478       0xb2 ./port.o
                0x00001478                vPortYield
 .text.vPortYieldFromTick
                0x0000152a       0xba ./port.o
                0x0000152a                vPortYieldFromTick
 .text.prvSetupTimerInterrupt
                0x000015e4       0xb8 ./port.o
 .text.__vector_7
                0x0000169c        0x6 ./port.o
                0x0000169c                __vector_7
 .text.xQueueGenericReset
                0x000016a2      0x10c ./queue.o
                0x000016a2                xQueueGenericReset
 .text.xQueueGenericCreate
                0x000017ae       0xa2 ./queue.o
                0x000017ae                xQueueGenericCreate
 .text.prvInitialiseNewQueue
                0x00001850       0x76 ./queue.o
 .text.prvInitialiseMutex
                0x000018c6       0x48 ./queue.o
 .text.xQueueCreateMutex
                0x0000190e       0x40 ./queue.o
                0x0000190e                xQueueCreateMutex
 .text.xQueueGiveMutexRecursive
                0x0000194e       0x78 ./queue.o
                0x0000194e                xQueueGiveMutexRecursive
 .text.xQueueTakeMutexRecursive
                0x000019c6       0x8a ./queue.o
                0x000019c6                xQueueTakeMutexRecursive
 .text.xQueueCreateCountingSemaphore
                0x00001a50       0x40 ./queue.o
                0x00001a50                xQueueCreateCountingSemaphore
 .text.xQueueGenericSend
                0x00001a90      0x158 ./queue.o
                0x00001a90                xQueueGenericSend
 .text.xQueueGenericSendFromISR
                0x00001be8       0xb0 ./queue.o
                0x00001be8                xQueueGenericSendFromISR
 .text.xQueueGiveFromISR
                0x00001c98       0xa2 ./queue.o
                0x00001c98                xQueueGiveFromISR
 .text.xQueueReceive
                0x00001d3a      0x156 ./queue.o
                0x00001d3a                xQueueReceive
 .text.xQueueSemaphoreTake
                0x00001e90      0x1aa ./queue.o
                0x00001e90                xQueueSemaphoreTake
 .text.xQueuePeek
                0x0000203a      0x164 ./queue.o
                0x0000203a                xQueuePeek
 .text.xQueueReceiveFromISR
                0x0000219e       0xae ./queue.o
                0x0000219e                xQueueReceiveFromISR
 .text.xQueuePeekFromISR
                0x0000224c       0x72 ./queue.o
                0x0000224c                xQueuePeekFromISR
 .text.uxQueueMessagesWaiting
                0x000022be       0x30 ./queue.o
                0x000022be                uxQueueMessagesWaiting
 .text.uxQueueSpacesAvailable
                0x000022ee       0x4a ./queue.o
                0x000022ee                uxQueueSpacesAvailable
 .text.uxQueueMessagesWaitingFromISR
                0x00002338       0x34 ./queue.o
                0x00002338                uxQueueMessagesWaitingFromISR
 .text.vQueueDelete
                0x0000236c       0x2e ./queue.o
                0x0000236c                vQueueDelete
 .text.prvGetDisinheritPriorityAfterTimeout
                0x0000239a       0x42 ./queue.o
 .text.prvCopyDataToQueue
                0x000023dc      0x170 ./queue.o
 .text.prvCopyDataFromQueue
                0x0000254c       0x8e ./queue.o
 .text.prvUnlockQueue
                0x000025da       0xa6 ./queue.o
 .text.prvIsQueueEmpty
                0x00002680       0x3a ./queue.o
 .text.xQueueIsQueueEmptyFromISR
                0x000026ba       0x3e ./queue.o
                0x000026ba                xQueueIsQueueEmptyFromISR
 .text.prvIsQueueFull
                0x000026f8       0x40 ./queue.o
 .text.xQueueIsQueueFullFromISR
                0x00002738       0x44 ./queue.o
                0x00002738                xQueueIsQueueFullFromISR
 .text.xStreamBufferGenericCreate
                0x0000277c       0x98 ./stream_buffer.o
                0x0000277c                xStreamBufferGenericCreate
 .text.vStreamBufferDelete
                0x00002814       0x52 ./stream_buffer.o
                0x00002814                vStreamBufferDelete
 .text.xStreamBufferReset
                0x00002866       0x84 ./stream_buffer.o
                0x00002866                xStreamBufferReset
 .text.xStreamBufferSetTriggerLevel
                0x000028ea       0x6e ./stream_buffer.o
                0x000028ea                xStreamBufferSetTriggerLevel
 .text.xStreamBufferSpacesAvailable
                0x00002958       0x8c ./stream_buffer.o
                0x00002958                xStreamBufferSpacesAvailable
 .text.xStreamBufferBytesAvailable
                0x000029e4       0x3c ./stream_buffer.o
                0x000029e4                xStreamBufferBytesAvailable
 .text.xStreamBufferSend
                0x00002a20      0x190 ./stream_buffer.o
                0x00002a20                xStreamBufferSend
 .text.xStreamBufferSendFromISR
                0x00002bb0       0xfa ./stream_buffer.o
                0x00002bb0                xStreamBufferSendFromISR
 .text.prvWriteMessageToBuffer
                0x00002caa       0xe4 ./stream_buffer.o
 .text.xStreamBufferReceive
                0x00002d8e      0x174 ./stream_buffer.o
                0x00002d8e                xStreamBufferReceive
 .text.xStreamBufferNextMessageLengthBytes
                0x00002f02       0xa4 ./stream_buffer.o
                0x00002f02                xStreamBufferNextMessageLengthBytes
 .text.xStreamBufferReceiveFromISR
                0x00002fa6       0xf0 ./stream_buffer.o
                0x00002fa6                xStreamBufferReceiveFromISR
 .text.prvReadMessageFromBuffer
                0x00003096       0xd8 ./stream_buffer.o
 .text.xStreamBufferIsEmpty
                0x0000316e       0x5a ./stream_buffer.o
                0x0000316e                xStreamBufferIsEmpty
 .text.xStreamBufferIsFull
                0x000031c8       0x70 ./stream_buffer.o
                0x000031c8                xStreamBufferIsFull
 .text.xStreamBufferSendCompletedFromISR
                0x00003238       0x86 ./stream_buffer.o
                0x00003238                xStreamBufferSendCompletedFromISR
 .text.xStreamBufferReceiveCompletedFromISR
                0x000032be       0x86 ./stream_buffer.o
                0x000032be                xStreamBufferReceiveCompletedFromISR
 .text.prvWriteBytesToBuffer
                0x00003344      0x11a ./stream_buffer.o
 .text.prvReadBytesFromBuffer
                0x0000345e      0x15a ./stream_buffer.o
 .text.prvBytesInBuffer
                0x000035b8       0x74 ./stream_buffer.o
 .text.prvInitialiseNewStreamBuffer
                0x0000362c       0x78 ./stream_buffer.o
 .text.xTaskCreate
                0x000036a4       0xf0 ./tasks.o
                0x000036a4                xTaskCreate
 .text.prvInitialiseNewTask
                0x00003794      0x186 ./tasks.o
 .text.prvAddNewTaskToReadyList
                0x0000391a       0xf0 ./tasks.o
 .text.vTaskDelete
                0x00003a0a       0xe4 ./tasks.o
                0x00003a0a                vTaskDelete
 .text.vTaskDelay
                0x00003aee       0x44 ./tasks.o
                0x00003aee                vTaskDelay
 .text.vTaskSuspend
                0x00003b32       0xe8 ./tasks.o
                0x00003b32                vTaskSuspend
 .text.prvTaskIsTaskSuspended
                0x00003c1a       0x5e ./tasks.o
 .text.vTaskResume
                0x00003c78       0xc8 ./tasks.o
                0x00003c78                vTaskResume
 .text.xTaskResumeFromISR
                0x00003d40       0xcc ./tasks.o
                0x00003d40                xTaskResumeFromISR
 .text.vTaskStartScheduler
                0x00003e0c       0x64 ./tasks.o
                0x00003e0c                vTaskStartScheduler
 .text.vTaskEndScheduler
                0x00003e70       0x18 ./tasks.o
                0x00003e70                vTaskEndScheduler
 .text.vTaskSuspendAll
                0x00003e88       0x18 ./tasks.o
                0x00003e88                vTaskSuspendAll
 .text.xTaskResumeAll
                0x00003ea0      0x126 ./tasks.o
                0x00003ea0                xTaskResumeAll
 .text.xTaskGetTickCount
                0x00003fc6       0x2e ./tasks.o
                0x00003fc6                xTaskGetTickCount
 .text.xTaskGetTickCountFromISR
                0x00003ff4       0x2a ./tasks.o
                0x00003ff4                xTaskGetTickCountFromISR
 .text.uxTaskGetNumberOfTasks
                0x0000401e       0x12 ./tasks.o
                0x0000401e                uxTaskGetNumberOfTasks
 .text.pcTaskGetName
                0x00004030       0x50 ./tasks.o
                0x00004030                pcTaskGetName
 .text.xTaskIncrementTick
                0x00004080      0x1ca ./tasks.o
                0x00004080                xTaskIncrementTick
 .text.vTaskSwitchContext
                0x0000424a       0xda ./tasks.o
                0x0000424a                vTaskSwitchContext
 .text.vTaskPlaceOnEventList
                0x00004324       0x44 ./tasks.o
                0x00004324                vTaskPlaceOnEventList
 .text.vTaskPlaceOnUnorderedEventList
                0x00004368       0x60 ./tasks.o
                0x00004368                vTaskPlaceOnUnorderedEventList
 .text.xTaskRemoveFromEventList
                0x000043c8       0xd6 ./tasks.o
                0x000043c8                xTaskRemoveFromEventList
 .text.vTaskRemoveFromUnorderedEventList
                0x0000449e       0xba ./tasks.o
                0x0000449e                vTaskRemoveFromUnorderedEventList
 .text.vTaskSetTimeOutState
                0x00004558       0x3c ./tasks.o
                0x00004558                vTaskSetTimeOutState
 .text.vTaskInternalSetTimeOutState
                0x00004594       0x32 ./tasks.o
                0x00004594                vTaskInternalSetTimeOutState
 .text.xTaskCheckForTimeOut
                0x000045c6       0xda ./tasks.o
                0x000045c6                xTaskCheckForTimeOut
 .text.vTaskMissedYield
                0x000046a0       0x14 ./tasks.o
                0x000046a0                vTaskMissedYield
 .text.prvIdleTask
                0x000046b4       0x14 ./tasks.o
 .text.prvInitialiseTaskLists
                0x000046c8       0x82 ./tasks.o
 .text.prvCheckTasksWaitingTermination
                0x0000474a       0x5e ./tasks.o
 .text.prvDeleteTCB
                0x000047a8       0x2c ./tasks.o
 .text.prvResetNextTaskUnblockTime
                0x000047d4       0x56 ./tasks.o
 .text.xTaskGetCurrentTaskHandle
                0x0000482a       0x24 ./tasks.o
                0x0000482a                xTaskGetCurrentTaskHandle
 .text.xTaskPriorityInherit
                0x0000484e      0x13c ./tasks.o
                0x0000484e                xTaskPriorityInherit
 .text.xTaskPriorityDisinherit
                0x0000498a       0xe4 ./tasks.o
                0x0000498a                xTaskPriorityDisinherit
 .text.vTaskPriorityDisinheritAfterTimeout
                0x00004a6e      0x12a ./tasks.o
                0x00004a6e                vTaskPriorityDisinheritAfterTimeout
 .text.uxTaskResetEventItemValue
                0x00004b98       0x4e ./tasks.o
                0x00004b98                uxTaskResetEventItemValue
 .text.pvTaskIncrementMutexHeldCount
                0x00004be6       0x30 ./tasks.o
                0x00004be6                pvTaskIncrementMutexHeldCount
 .text.ulTaskNotifyTake
                0x00004c16       0xee ./tasks.o
                0x00004c16                ulTaskNotifyTake
 .text.xTaskNotifyWait
                0x00004d04      0x138 ./tasks.o
                0x00004d04                xTaskNotifyWait
 .text.xTaskGenericNotify
                0x00004e3c      0x1ba ./tasks.o
                0x00004e3c                xTaskGenericNotify
 .text.xTaskGenericNotifyFromISR
                0x00004ff6      0x1f0 ./tasks.o
                0x00004ff6                xTaskGenericNotifyFromISR
 .text.vTaskNotifyGiveFromISR
                0x000051e6      0x10c ./tasks.o
                0x000051e6                vTaskNotifyGiveFromISR
 .text.xTaskNotifyStateClear
                0x000052f2       0x74 ./tasks.o
                0x000052f2                xTaskNotifyStateClear
 .text.prvAddCurrentTaskToDelayedList
                0x00005366       0xf8 ./tasks.o
 .text.libgcc   0x0000545e        0x0 e:/embeded system/iti course/01- embedded systems avr tools/01-imt sdk/imt_sdk_win_64/winavr/bin/../lib/gcc/avr/4.3.3/avr5\libgcc.a(_exit.o)
 .text.libgcc   0x0000545e        0x0 e:/embeded system/iti course/01- embedded systems avr tools/01-imt sdk/imt_sdk_win_64/winavr/bin/../lib/gcc/avr/4.3.3/avr5\libgcc.a(_copy_data.o)
 .text.libgcc   0x0000545e        0x0 e:/embeded system/iti course/01- embedded systems avr tools/01-imt sdk/imt_sdk_win_64/winavr/bin/../lib/gcc/avr/4.3.3/avr5\libgcc.a(_clear_bss.o)
 .text.avr-libc
                0x0000545e       0x12 e:/embeded system/iti course/01- embedded systems avr tools/01-imt sdk/imt_sdk_win_64/winavr/bin/../lib/gcc/avr/4.3.3/../../../../avr/lib/avr5\libc.a(memcpy.o)
                0x0000545e                memcpy
 .text.avr-libc
                0x00005470        0xe e:/embeded system/iti course/01- embedded systems avr tools/01-imt sdk/imt_sdk_win_64/winavr/bin/../lib/gcc/avr/4.3.3/../../../../avr/lib/avr5\libc.a(memset.o)
                0x00005470                memset
                0x0000547e                . = ALIGN (0x2)
 *(.fini9)
 .fini9         0x0000547e        0x0 e:/embeded system/iti course/01- embedded systems avr tools/01-imt sdk/imt_sdk_win_64/winavr/bin/../lib/gcc/avr/4.3.3/avr5\libgcc.a(_exit.o)
                0x0000547e                exit
                0x0000547e                _exit
 *(.fini9)
 *(.fini8)
 *(.fini8)
 *(.fini7)
 *(.fini7)
 *(.fini6)
 *(.fini6)
 *(.fini5)
 *(.fini5)
 *(.fini4)
 *(.fini4)
 *(.fini3)
 *(.fini3)
 *(.fini2)
 *(.fini2)
 *(.fini1)
 *(.fini1)
 *(.fini0)
 .fini0         0x0000547e        0x4 e:/embeded system/iti course/01- embedded systems avr tools/01-imt sdk/imt_sdk_win_64/winavr/bin/../lib/gcc/avr/4.3.3/avr5\libgcc.a(_exit.o)
 *(.fini0)
                0x00005482                _etext = .

.data           0x00800060        0x6 load address 0x00005482
                0x00800060                PROVIDE (__data_start, .)
 *(.data)
 .data          0x00800060        0x0 e:/embeded system/iti course/01- embedded systems avr tools/01-imt sdk/imt_sdk_win_64/winavr/bin/../lib/gcc/avr/4.3.3/../../../../avr/lib/avr5/crtm32.o
 .data          0x00800060        0x0 ./MDIO_programe.o
 .data          0x00800060        0x0 ./croutine.o
 .data          0x00800060        0x0 ./event_groups.o
 .data          0x00800060        0x0 ./heap_1.o
 .data          0x00800060        0x0 ./list.o
 .data          0x00800060        0x0 ./mian.o
 .data          0x00800060        0x0 ./port.o
 .data          0x00800060        0x0 ./queue.o
 .data          0x00800060        0x0 ./stream_buffer.o
 .data          0x00800060        0x5 ./tasks.o
 .data          0x00800065        0x0 ./timers.o
 .data          0x00800065        0x0 e:/embeded system/iti course/01- embedded systems avr tools/01-imt sdk/imt_sdk_win_64/winavr/bin/../lib/gcc/avr/4.3.3/avr5\libgcc.a(_exit.o)
 .data          0x00800065        0x0 e:/embeded system/iti course/01- embedded systems avr tools/01-imt sdk/imt_sdk_win_64/winavr/bin/../lib/gcc/avr/4.3.3/avr5\libgcc.a(_copy_data.o)
 .data          0x00800065        0x0 e:/embeded system/iti course/01- embedded systems avr tools/01-imt sdk/imt_sdk_win_64/winavr/bin/../lib/gcc/avr/4.3.3/avr5\libgcc.a(_clear_bss.o)
 .data          0x00800065        0x0 e:/embeded system/iti course/01- embedded systems avr tools/01-imt sdk/imt_sdk_win_64/winavr/bin/../lib/gcc/avr/4.3.3/../../../../avr/lib/avr5\libc.a(memcpy.o)
 .data          0x00800065        0x0 e:/embeded system/iti course/01- embedded systems avr tools/01-imt sdk/imt_sdk_win_64/winavr/bin/../lib/gcc/avr/4.3.3/../../../../avr/lib/avr5\libc.a(memset.o)
 *(.data*)
 *(.rodata)
 *(.rodata*)
 *(.gnu.linkonce.d*)
                0x00800066                . = ALIGN (0x2)
 *fill*         0x00800065        0x1 00
                0x00800066                _edata = .
                0x00800066                PROVIDE (__data_end, .)

.bss            0x00800066      0x64a
                0x00800066                PROVIDE (__bss_start, .)
 *(.bss)
 .bss           0x00800066        0x0 e:/embeded system/iti course/01- embedded systems avr tools/01-imt sdk/imt_sdk_win_64/winavr/bin/../lib/gcc/avr/4.3.3/../../../../avr/lib/avr5/crtm32.o
 .bss           0x00800066        0x0 ./MDIO_programe.o
 .bss           0x00800066        0x0 ./croutine.o
 .bss           0x00800066        0x0 ./event_groups.o
 .bss           0x00800066        0x0 ./heap_1.o
 .bss           0x00800066        0x0 ./list.o
 .bss           0x00800066        0x0 ./mian.o
 .bss           0x00800066        0x0 ./port.o
 .bss           0x00800066        0x0 ./queue.o
 .bss           0x00800066        0x0 ./stream_buffer.o
 .bss           0x00800066        0x0 ./tasks.o
 .bss           0x00800066        0x0 ./timers.o
 .bss           0x00800066        0x0 e:/embeded system/iti course/01- embedded systems avr tools/01-imt sdk/imt_sdk_win_64/winavr/bin/../lib/gcc/avr/4.3.3/avr5\libgcc.a(_exit.o)
 .bss           0x00800066        0x0 e:/embeded system/iti course/01- embedded systems avr tools/01-imt sdk/imt_sdk_win_64/winavr/bin/../lib/gcc/avr/4.3.3/avr5\libgcc.a(_copy_data.o)
 .bss           0x00800066        0x0 e:/embeded system/iti course/01- embedded systems avr tools/01-imt sdk/imt_sdk_win_64/winavr/bin/../lib/gcc/avr/4.3.3/avr5\libgcc.a(_clear_bss.o)
 .bss           0x00800066        0x0 e:/embeded system/iti course/01- embedded systems avr tools/01-imt sdk/imt_sdk_win_64/winavr/bin/../lib/gcc/avr/4.3.3/../../../../avr/lib/avr5\libc.a(memcpy.o)
 .bss           0x00800066        0x0 e:/embeded system/iti course/01- embedded systems avr tools/01-imt sdk/imt_sdk_win_64/winavr/bin/../lib/gcc/avr/4.3.3/../../../../avr/lib/avr5\libc.a(memset.o)
 *(.bss*)
 .bss.xNextFreeByte
                0x00800066        0x2 ./heap_1.o
 .bss.pucAlignedHeap.1640
                0x00800068        0x2 ./heap_1.o
 .bss.ucHeap    0x0080006a      0x5dc ./heap_1.o
 .bss.au8_state.1670
                0x00800646        0x1 ./mian.o
 .bss.au8_state.1684
                0x00800647        0x1 ./mian.o
 .bss.pxCurrentTCB
                0x00800648        0x2 ./tasks.o
                0x00800648                pxCurrentTCB
 .bss.uxDeletedTasksWaitingCleanUp
                0x0080064a        0x1 ./tasks.o
 .bss.uxCurrentNumberOfTasks
                0x0080064b        0x1 ./tasks.o
 .bss.xTickCount
                0x0080064c        0x2 ./tasks.o
 .bss.uxTopReadyPriority
                0x0080064e        0x1 ./tasks.o
 .bss.xSchedulerRunning
                0x0080064f        0x1 ./tasks.o
 .bss.uxPendedTicks
                0x00800650        0x1 ./tasks.o
 .bss.xYieldPending
                0x00800651        0x1 ./tasks.o
 .bss.xNumOfOverflows
                0x00800652        0x1 ./tasks.o
 .bss.uxTaskNumber
                0x00800653        0x1 ./tasks.o
 .bss.xNextTaskUnblockTime
                0x00800654        0x2 ./tasks.o
 .bss.xIdleTaskHandle
                0x00800656        0x2 ./tasks.o
 .bss.uxSchedulerSuspended
                0x00800658        0x1 ./tasks.o
 .bss.pxReadyTasksLists
                0x00800659       0x24 ./tasks.o
 .bss.xDelayedTaskList1
                0x0080067d        0x9 ./tasks.o
 .bss.xDelayedTaskList2
                0x00800686        0x9 ./tasks.o
 .bss.pxDelayedTaskList
                0x0080068f        0x2 ./tasks.o
 .bss.pxOverflowDelayedTaskList
                0x00800691        0x2 ./tasks.o
 .bss.xPendingReadyList
                0x00800693        0x9 ./tasks.o
 .bss.xTasksWaitingTermination
                0x0080069c        0x9 ./tasks.o
 .bss.xSuspendedTaskList
                0x008006a5        0x9 ./tasks.o
 *(COMMON)
 COMMON         0x008006ae        0x2 ./mian.o
                0x008006ae                task_sem
                0x008006b0                PROVIDE (__bss_end, .)
                0x00005482                __data_load_start = LOADADDR (.data)
                0x00005488                __data_load_end = (__data_load_start + SIZEOF (.data))

.noinit         0x008006b0        0x0
                0x008006b0                PROVIDE (__noinit_start, .)
 *(.noinit*)
                0x008006b0                PROVIDE (__noinit_end, .)
                0x008006b0                _end = .
                0x008006b0                PROVIDE (__heap_start, .)

.eeprom         0x00810000        0x0
 *(.eeprom*)
                0x00810000                __eeprom_end = .

.fuse
 *(.fuse)
 *(.lfuse)
 *(.hfuse)
 *(.efuse)

.lock
 *(.lock*)

.signature
 *(.signature*)

.stab           0x00000000     0x8784
 *(.stab)
 .stab          0x00000000      0x510 ./MDIO_programe.o
 .stab          0x00000510      0x588 ./croutine.o
                                0x594 (size before relaxing)
 .stab          0x00000a98      0xda4 ./event_groups.o
                               0x1080 (size before relaxing)
 .stab          0x0000183c      0x2d0 ./heap_1.o
                                0x720 (size before relaxing)
 .stab          0x00001b0c      0x438 ./list.o
                                0x7bc (size before relaxing)
 .stab          0x00001f44      0x390 ./mian.o
                                0x810 (size before relaxing)
 .stab          0x000022d4      0x87c ./port.o
                                0xc90 (size before relaxing)
 .stab          0x00002b50     0x1ea8 ./queue.o
                               0x2328 (size before relaxing)
 .stab          0x000049f8     0x15cc ./stream_buffer.o
                               0x19b0 (size before relaxing)
 .stab          0x00005fc4     0x2658 ./tasks.o
                               0x2ad8 (size before relaxing)
 .stab          0x0000861c      0x168 ./timers.o
                                0x618 (size before relaxing)

.stabstr        0x00000000     0x4a39
 *(.stabstr)
 .stabstr       0x00000000     0x4a39 ./MDIO_programe.o

.stab.excl
 *(.stab.excl)

.stab.exclstr
 *(.stab.exclstr)

.stab.index
 *(.stab.index)

.stab.indexstr
 *(.stab.indexstr)

.comment
 *(.comment)

.debug
 *(.debug)

.line
 *(.line)

.debug_srcinfo
 *(.debug_srcinfo)

.debug_sfnames
 *(.debug_sfnames)

.debug_aranges
 *(.debug_aranges)

.debug_pubnames
 *(.debug_pubnames)

.debug_info
 *(.debug_info)
 *(.gnu.linkonce.wi.*)

.debug_abbrev
 *(.debug_abbrev)

.debug_line
 *(.debug_line)

.debug_frame
 *(.debug_frame)

.debug_str
 *(.debug_str)

.debug_loc
 *(.debug_loc)

.debug_macinfo
 *(.debug_macinfo)
OUTPUT(FRTOS.elf elf32-avr)
LOAD linker stubs
